2026-01-06 01:54:14 UTC
macOS-15.7.2-arm64-arm-64bit
Ren'Py 8.4.1.25072401

Early init took 17 ms
Loading error handling took 10 ms
Loading script took 35 ms
Loading save slot metadata took 7 ms
Loading persistent took 0 ms
Running init code took 12 ms
Loading analysis data took 1 ms
Analyze and compile ATL took 0 ms
Reloading save slot metadata took 1 ms
Backing up script files to '/Users/felicity/Library/RenPy/backups/The-Loop':
Dump and make backups took 14 ms
Cleaning cache took 0 ms
Making clean stores took 0 ms
Initial gc took 12 ms
DPI scale factor: 1.000000
Creating interface object took 0 ms
Init translation took 0 ms
Cleaning stores took 0 ms
Load screen analysis took 0 ms
Analyze screens took 3 ms
Save screen analysis took 4 ms
Save pyanalysis took 0 ms
Save bytecode took 11 ms
Running _start took 0 ms
Interface start took 191 ms

Initializing gl2 renderer:
primary display bounds: (0, 0, 1470, 956)
swap interval: 1 frames
Windowed mode.
Vendor: 'Apple'
Renderer: 'Apple M4'
Version: '2.1 Metal - 89.4'
Display Info: <Info({'bitsize': 32, 'bytesize': 4, 'masks': (16711680, 65280, 255, 4278190080), 'shifts': (16, 8, 0, 24), 'losses': (0, 0, 0, 0), 'current_w': 1470, 'current_h': 956, 'refresh_rate': 60, 'hw': False, 'wm': True, 'video_mem': 268435456, 'blit_hw': False, 'blit_hw_CC': False, 'blit_hw_A': False, 'blit_sw': False, 'blit_sw_CC': False, 'blit_sw_A': False})>
Screen sizes: virtual=(1920, 1080) physical=(1368, 770) drawable=(2736, 1540)
Maximum texture size: 4096x4096

Full traceback:
  File "renpy/ast.py", line 625, in eval_who
    return renpy.python.py_eval(who)
           ~~~~~~~~~~~~~~~~~~~~^^^^^
  File "renpy/python.py", line 1292, in py_eval
    return py_eval_bytecode(code, globals, locals)
           ~~~~~~~~~~~~~~~~^^^^^^^^^^^^^^^^^^^^^^^
  File "renpy/python.py", line 1285, in py_eval_bytecode
    return eval(bytecode, globals, locals)
           ~~~~^^^^^^^^^^^^^^^^^^^^^^^^^^^
  File "<none>", line 1, in <module>
NameError: name 'e' is not defined

During handling of the above exception, another exception occurred:

Traceback (most recent call last):
  File "game/script.rpy", line 28, in script
    e "You've created a new Ren'Py game."
  File "renpy/ast.py", line 2915, in execute
    Say.execute(self)
    ~~~~~~~~~~~^^^^^^
  File "renpy/ast.py", line 956, in execute
    who = eval_who(self.who, self.who_fast)
          ~~~~~~~~^^^^^^^^^^^^^^^^^^^^^^^^^
  File "renpy/ast.py", line 627, in eval_who
    raise Exception("Sayer '%s' is not defined." % who)
Exception: Sayer 'e' is not defined.

While running game code:
NameError: name 'e' is not defined

During handling of the above exception, another exception occurred:

Traceback (most recent call last):
  File "game/script.rpy", line 28, in script
    e "You've created a new Ren'Py game."
Exception: Sayer 'e' is not defined.
